[0;32mI (100) esp_image: segment 1: paddr=00019c88 vaddr=408000ESP-ROM:esp32c6-20220919
Build:Sep 19 2022
rst:0x15 (USB_UART_HPSYS),boot:0x1c (SPI_FAST_FLASH_BOOT)
Saved PC:0x40803c0a
SPIWP:0xee
mode:DIO, clock div:2
load:0x4086c410,len:0xd4c
load:0x4086e610,len:0x2dd4
load:0x40875728,len:0x17d8
entry 0x4086c410
[0;32mI (23) boot: ESP-IDF v5.1.2-dirty 2nd stage bootloader[0m
[0;32mI (23) boot: compile time Jan 18 2024 15:07:05[0m
[0;32mI (24) boot: chip revision: v0.0[0m
[0;32mI (26) boot.esp32c6: SPI Speed      : 80MHz[0m
[0;32mI (31) boot.esp32c6: SPI Mode       : DIO[0m
[0;32mI (36) boot.esp32c6: SPI Flash Size : 2MB[0m
[0;32mI (40) boot: Enabling RNG early entropy source...[0m
[0;32mI (46) boot: Partition Table:[0m
[0;32mI (49) boot: ## Label            Usage          Type ST Offset   Length[0m
[0;32mI (57) boot:  0 nvs              WiFi data        01 02 00009000 00006000[0m
[0;32mI (64) boot:  1 phy_init         RF data          01 01 0000f000 00001000[0m
[0;32mI (72) boot:  2 factory          factory app      00 00 00010000 00100000[0m
[0;32mI (79) boot: End of partition table[0m
[0;32mI (83) esp_image: segment 0: paddr=00010020 vaddr=42018020 size=09c60h ( 40032) map[0m
[0;32mI (100) esp_image: segment 1: paddr=00019c88 vaddr=40800000 size=06390h ( 25488) load[0m
[0;32mI (107) esp_image: segment 2: paddr=00020020 vaddr=42000020 size=153a8h ( 86952) map[0m
[0;32mI (127) esp_image: segment 3: paddr=000353d0 vaddr=40806390 size=05128h ( 20776) load[0m
[0;32mI (133) esp_image: segment 4: paddr=0003a500 vaddr=4080b4c0 size=010f4h (  4340) load[0m
[0;32mI (137) boot: Loaded app from partition at offset 0x10000[0m
[0;32mI (139) boot: Disabling RNG early entropy source...[0m
[0;32mI (155) cpu_start: Unicore app[0m
[0;32mI (156) cpu_start: Pro cpu up.[0m
[0;33mW (164) clk: esp_perip_clk_init() has not been implemented yet[0m
[0;32mI (171) cpu_start: Pro cpu start user code[0m
[0;32mI (171) cpu_start: cpu freq: 160000000 Hz[0m
[0;32mI (171) cpu_start: Application information:[0m
[0;32mI (174) cpu_start: Project name:     testbme[0m
[0;32mI (179) cpu_start: App version:      1[0m
[0;32mI (183) cpu_start: Compile time:     Jan 18 2024 15:04:52[0m
[0;32mI (189) cpu_start: ELF file SHA256:  6a450810457767a7...[0m
[0;32mI (195) cpu_start: ESP-IDF:          v5.1.2-dirty[0m
[0;32mI (201) cpu_start: Min chip rev:     v0.0[0m
[0;32mI (205) cpu_start: Max chip rev:     v0.99 [0m
[0;32mI (210) cpu_start: Chip rev:         v0.0[0m
[0;32mI (215) heap_init: Initializing. RAM available for dynamic allocation:[0m
[0;32mI (222) heap_init: At 4080D5A0 len 0006F070 (444 KiB): D/IRAM[0m
[0;32mI (229) heap_init: At 4087C610 len 00002F54 (11 KiB): STACK/DIRAM[0m
[0;32mI (235) heap_init: At 50000000 len 00003FE8 (15 KiB): RTCRAM[0m
[0;32mI (243) spi_flash: detected chip: generic[0m
[0;32mI (246) spi_flash: flash io: dio[0m
[0;33mW (250) spi_flash: Detected size(4096k) larger than the size in the binary image header(2048k). Using the size in the binary image header.[0m
[0;32mI (264) sleep: Configure to isolate all GPIO pins in sleep state[0m
[0;32mI (270) sleep: Enable automatic switching of GPIO sleep configuration[0m
[0;32mI (277) coexist: coex firmware version: b6d5e8c[0m
[0;32mI (283) coexist: coexist rom version 5b8dcfa[0m
[0;32mI (288) app_start: Starting scheduler on CPU0[0m
[0;32mI (293) main_task: Started on CPU0[0m
[0;32mI (293) main_task: Calling app_main()[0m
BMP280: found BME280
[0;33mW (463) bme680: Heater is not stable[0m
BME680 Sensor: 26.93 Â°C, 45.10 %, 932.65 hPa, 0.00 KOhm
Pressure: 93238.97 Pa, Temperature: 26.02 C, Humidity: 38.95
Pressure: 93233.62 Pa, Temperature: 26.01 C, Humidity: 38.96
BME680 Sensor: 26.93 Â°C, 45.10 %, 932.65 hPa, 25259.00 KOhm
Pressure: 93237.66 Pa, Temperature: 26.02 C, Humidity: 38.96
Pressure: 93233.34 Pa, Temperature: 26.02 C, Humidity: 38.96
BME680 Sensor: 26.93 Â°C, 45.08 %, 932.63 hPa, 23666.00 KOhm
Pressure: 93236.34 Pa, Temperature: 26.02 C, Humidity: 38.96
Pressure: 93236.72 Pa, Temperature: 26.02 C, Humidity: 38.96
Pressure: 93234.09 Pa, Temperature: 26.02 C, Humidity: 38.96
BME680 Sensor: 26.94 Â°C, 45.03 %, 932.67 hPa, 23113.00 KOhm
Pressure: 93233.91 Pa, Temperature: 26.01 C, Humidity: 38.99
Pressure: 93235.81 Pa, Temperature: 26.01 C, Humidity: 39.00
BME680 Sensor: 26.95 Â°C, 44.98 %, 932.65 hPa, 22643.00 KOhm
Pressure: 93234.28 Pa, Temperature: 26.01 C, Humidity: 39.00
Pressure: 93232.81 Pa, Temperature: 26.00 C, Humidity: 39.00
BME680 Sensor: 26.96 Â°C, 44.92 %, 932.67 hPa, 22523.00 KOhm
Pressure: 93234.12 Pa, Temperature: 26.00 C, Humidity: 39.02
Pressure: 93234.56 Pa, Temperature: 26.01 C, Humidity: 39.02
BME680 Sensor: 26.97 Â°C, 44.89 %, 932.65 hPa, 22333.00 KOhm
Pressure: 93235.81 Pa, Temperature: 26.01 C, Humidity: 39.01
Pressure: 93236.53 Pa, Temperature: 26.01 C, Humidity: 39.00
Pressure: 93231.56 Pa, Temperature: 26.01 C, Humidity: 39.00
BME680 Sensor: 26.98 Â°C, 44.82 %, 932.67 hPa, 22146.00 KOhm
Pressure: 93235.97 Pa, Temperature: 26.02 C, Humidity: 39.00
Pressure: 93234.66 Pa, Temperature: 26.02 C, Humidity: 38.99
BME680 Sensor: 26.99 Â°C, 44.78 %, 932.65 hPa, 22123.00 KOhm
