[0;32mI (118) esp_image: segment 1: paddr=00034530 vaddr=3fc902ESP-ROM:esp32c3-api1-20210207
Build:Feb  7 2021
rst:0x15 (USB_UART_CHIP_RESET),boot:0x8 (SPI_FAST_FLASH_BOOT)
Saved PC:0x40384898
SPIWP:0xee
mode:DIO, clock div:1
load:0x3fcd5820,len:0x170c
load:0x403cc710,len:0x968
load:0x403ce710,len:0x2f9c
entry 0x403cc710
[0;32mI (24) boot: ESP-IDF v5.1.2-dirty 2nd stage bootloader[0m
[0;32mI (24) boot: compile time Jan 25 2024 23:45:48[0m
[0;32mI (25) boot: chip revision: v0.4[0m
[0;32mI (28) boot.esp32c3: SPI Speed      : 80MHz[0m
[0;32mI (33) boot.esp32c3: SPI Mode       : DIO[0m
[0;32mI (37) boot.esp32c3: SPI Flash Size : 2MB[0m
[0;32mI (42) boot: Enabling RNG early entropy source...[0m
[0;32mI (47) boot: Partition Table:[0m
[0;32mI (51) boot: ## Label            Usage          Type ST Offset   Length[0m
[0;32mI (58) boot:  0 nvs              WiFi data        01 02 00009000 00006000[0m
[0;32mI (66) boot:  1 phy_init         RF data          01 01 0000f000 00001000[0m
[0;32mI (73) boot:  2 factory          factory app      00 00 00010000 00100000[0m
[0;32mI (81) boot: End of partition table[0m
[0;32mI (85) esp_image: segment 0: paddr=00010020 vaddr=3c0b0020 size=24508h (148744) map[0m
[0;32mI (118) esp_image: segment 1: paddr=00034530 vaddr=3fc90200 size=02a54h ( 10836) load[0m
[0;32mI (120) esp_image: segment 2: paddr=00036f8c vaddr=40380000 size=0908ch ( 37004) load[0m
[0;32mI (130) esp_image: segment 3: paddr=00040020 vaddr=42000020 size=aad5ch (699740) map[0m
[0;32mI (245) esp_image: segment 4: paddr=000ead84 vaddr=4038908c size=07164h ( 29028) load[0m
[0;32mI (256) boot: Loaded app from partition at offset 0x10000[0m
[0;32mI (257) boot: Disabling RNG early entropy source...[0m
[0;32mI (268) cpu_start: Unicore app[0m
[0;32mI (268) cpu_start: Pro cpu up.[0m
[0;32mI (277) cpu_start: Pro cpu start user code[0m
[0;32mI (277) cpu_start: cpu freq: 160000000 Hz[0m
[0;32mI (277) cpu_start: Application information:[0m
[0;32mI (280) cpu_start: Project name:     c3wifi[0m
[0;32mI (285) cpu_start: App version:      1[0m
[0;32mI (289) cpu_start: Compile time:     Jan 26 2024 00:17:00[0m
[0;32mI (295) cpu_start: ELF file SHA256:  f4b005e8739cd321...[0m
[0;32mI (301) cpu_start: ESP-IDF:          v5.1.2-dirty[0m
[0;32mI (307) cpu_start: Min chip rev:     v0.3[0m
[0;32mI (311) cpu_start: Max chip rev:     v0.99 [0m
[0;32mI (316) cpu_start: Chip rev:         v0.4[0m
[0;32mI (321) heap_init: Initializing. RAM available for dynamic allocation:[0m
[0;32mI (328) heap_init: At 3FC97210 len 00028DF0 (163 KiB): DRAM[0m
[0;32mI (334) heap_init: At 3FCC0000 len 0001C710 (113 KiB): DRAM/RETENTION[0m
[0;32mI (341) heap_init: At 3FCDC710 len 00002950 (10 KiB): DRAM/RETENTION/STACK[0m
[0;32mI (349) heap_init: At 50000010 len 00001FD8 (7 KiB): RTCRAM[0m
[0;32mI (356) spi_flash: detected chip: generic[0m
[0;32mI (360) spi_flash: flash io: dio[0m
[0;33mW (364) spi_flash: Detected size(4096k) larger than the size in the binary image header(2048k). Using the size in the binary image header.[0m
[0;32mI (377) sleep: Configure to isolate all GPIO pins in sleep state[0m
[0;32mI (384) sleep: Enable automatic switching of GPIO sleep configuration[0m
[0;32mI (391) app_start: Starting scheduler on CPU0[0m
[0;32mI (396) main_task: Started on CPU0[0m
[0;32mI (396) main_task: Calling app_main()[0m
[0;32mI (406) esp32 webserver: ESP_WIFI_MODE_STA[0m
[0;32mI (406) pp: pp rom version: 9387209[0m
[0;32mI (406) net80211: net80211 rom version: 9387209[0m
I (426) wifi:wifi driver task: 3fc9fd18, prio:23, stack:6656, core=0
I (426) wifi:wifi firmware version: 91b9630
I (426) wifi:wifi certification version: v7.0
I (426) wifi:config NVS flash: enabled
I (436) wifi:config nano formating: disabled
I (436) wifi:Init data frame dynamic rx buffer num: 32
I (436) wifi:Init static rx mgmt buffer num: 5
I (446) wifi:Init management short buffer num: 32
I (446) wifi:Init dynamic tx buffer num: 32
I (456) wifi:Init static tx FG buffer num: 2
I (456) wifi:Init static rx buffer size: 1600
I (456) wifi:Init static rx buffer num: 10
I (466) wifi:Init dynamic rx buffer num: 32
[0;32mI (466) wifi_init: rx ba win: 6[0m
[0;32mI (476) wifi_init: tcpip mbox: 32[0m
[0;32mI (476) wifi_init: udp mbox: 6[0m
[0;32mI (476) wifi_init: tcp mbox: 6[0m
[0;32mI (486) wifi_init: tcp tx win: 5744[0m
[0;32mI (486) wifi_init: tcp rx win: 5744[0m
[0;32mI (496) wifi_init: tcp mss: 1440[0m
[0;32mI (496) wifi_init: WiFi IRAM OP enabled[0m
[0;32mI (496) wifi_init: WiFi RX IRAM OP enabled[0m
[0;32mI (506) phy_init: phy_version 1130,b4e4b80,Sep  5 2023,11:09:30[0m
I (546) wifi:mode : sta (d4:f9:8d:04:42:c0)
I (546) wifi:enable tsf
[0;32mI (556) esp32 webserver: wifi_init_sta finished.[0m
I (556) wifi:new:<7,1>, old:<1,0>, ap:<255,255>, sta:<7,1>, prof:1
I (556) wifi:state: init -> auth (b0)
I (576) wifi:state: auth -> assoc (0)
I (596) wifi:state: assoc -> run (10)
I (606) wifi:connected with Tenda, aid = 5, channel 7, 40U, bssid = 50:0f:f5:70:33:b8
I (616) wifi:security: WPA2-PSK, phy: bgn, rssi: -39
I (616) wifi:pm start, type: 1

I (616) wifi:set rx beacon pti, rx_bcn_pti: 0, bcn_timeout: 25000, mt_pti: 0, mt_time: 10000
I (696) wifi:AP's beacon interval = 102400 us, DTIM period = 1
I (1526) wifi:<ba-add>idx:0 (ifx:0, 50:0f:f5:70:33:b8), tid:0, ssn:2, winSize:64
[0;32mI (5126) esp_netif_handlers: sta ip: 192.168.0.100, mask: 255.255.255.0, gw: 192.168.0.1[0m
[0;32mI (5126) esp32 webserver: got ip:192.168.0.100[0m
[0;32mI (5126) esp32 webserver: connected to ap SSID:Tenda password:0898760481[0m
[0;32mI (5136) esp32 webserver: Web Server is up and running
[0m
HTTP_EVENT_ON_DATA: {"message":"Data received and stored successfully."}

[0;32mI (5426) main_task: Returned from app_main()[0m
