[0;32mI (114) esp_image: segment 1: paddr=0002f178 vaddr=3fc902ESP-ROM:esp32c3-api1-20210207
Build:Feb  7 2021
rst:0x15 (USB_UART_CHIP_RESET),boot:0x8 (SPI_FAST_FLASH_BOOT)
Saved PC:0x40384828
SPIWP:0xee
mode:DIO, clock div:1
load:0x3fcd5820,len:0x170c
load:0x403cc710,len:0x968
load:0x403ce710,len:0x2f9c
entry 0x403cc710
[0;32mI (24) boot: ESP-IDF v5.1.2-dirty 2nd stage bootloader[0m
[0;32mI (24) boot: compile time Jan 25 2024 23:45:48[0m
[0;32mI (25) boot: chip revision: v0.4[0m
[0;32mI (28) boot.esp32c3: SPI Speed      : 80MHz[0m
[0;32mI (33) boot.esp32c3: SPI Mode       : DIO[0m
[0;32mI (37) boot.esp32c3: SPI Flash Size : 2MB[0m
[0;32mI (42) boot: Enabling RNG early entropy source...[0m
[0;32mI (47) boot: Partition Table:[0m
[0;32mI (51) boot: ## Label            Usage          Type ST Offset   Length[0m
[0;32mI (58) boot:  0 nvs              WiFi data        01 02 00009000 00006000[0m
[0;32mI (66) boot:  1 phy_init         RF data          01 01 0000f000 00001000[0m
[0;32mI (73) boot:  2 factory          factory app      00 00 00010000 00100000[0m
[0;32mI (81) boot: End of partition table[0m
[0;32mI (85) esp_image: segment 0: paddr=00010020 vaddr=3c090020 size=1f150h (127312) map[0m
[0;32mI (114) esp_image: segment 1: paddr=0002f178 vaddr=3fc90200 size=00ea0h (  3744) load[0m
[0;32mI (115) esp_image: segment 2: paddr=00030020 vaddr=42000020 size=8cb1ch (576284) map[0m
[0;32mI (213) esp_image: segment 3: paddr=000bcb44 vaddr=3fc910a0 size=01b54h (  6996) load[0m
[0;32mI (215) esp_image: segment 4: paddr=000be6a0 vaddr=40380000 size=1017ch ( 65916) load[0m
[0;32mI (237) boot: Loaded app from partition at offset 0x10000[0m
[0;32mI (237) boot: Disabling RNG early entropy source...[0m
[0;32mI (248) cpu_start: Unicore app[0m
[0;32mI (249) cpu_start: Pro cpu up.[0m
[0;32mI (257) cpu_start: Pro cpu start user code[0m
[0;32mI (257) cpu_start: cpu freq: 160000000 Hz[0m
[0;32mI (257) cpu_start: Application information:[0m
[0;32mI (260) cpu_start: Project name:     c3wifi[0m
[0;32mI (265) cpu_start: App version:      1[0m
[0;32mI (270) cpu_start: Compile time:     Jan 26 2024 00:17:00[0m
[0;32mI (276) cpu_start: ELF file SHA256:  231b58429fa41773...[0m
[0;32mI (282) cpu_start: ESP-IDF:          v5.1.2-dirty[0m
[0;32mI (287) cpu_start: Min chip rev:     v0.3[0m
[0;32mI (292) cpu_start: Max chip rev:     v0.99 [0m
[0;32mI (297) cpu_start: Chip rev:         v0.4[0m
[0;32mI (301) heap_init: Initializing. RAM available for dynamic allocation:[0m
[0;32mI (309) heap_init: At 3FC96BC0 len 00029440 (165 KiB): DRAM[0m
[0;32mI (315) heap_init: At 3FCC0000 len 0001C710 (113 KiB): DRAM/RETENTION[0m
[0;32mI (322) heap_init: At 3FCDC710 len 00002950 (10 KiB): DRAM/RETENTION/STACK[0m
[0;32mI (329) heap_init: At 50000010 len 00001FD8 (7 KiB): RTCRAM[0m
[0;32mI (336) spi_flash: detected chip: generic[0m
[0;32mI (340) spi_flash: flash io: dio[0m
[0;33mW (344) spi_flash: Detected size(4096k) larger than the size in the binary image header(2048k). Using the size in the binary image header.[0m
[0;32mI (358) sleep: Configure to isolate all GPIO pins in sleep state[0m
[0;32mI (364) sleep: Enable automatic switching of GPIO sleep configuration[0m
[0;32mI (371) app_start: Starting scheduler on CPU0[0m
[0;32mI (376) main_task: Started on CPU0[0m
[0;32mI (376) main_task: Calling app_main()[0m
[0;32mI (386) esp32 webserver: ESP_WIFI_MODE_STA[0m
[0;32mI (386) pp: pp rom version: 9387209[0m
[0;32mI (386) net80211: net80211 rom version: 9387209[0m
I (406) wifi:wifi driver task: 3fc9f670, prio:23, stack:6656, core=0
I (406) wifi:wifi firmware version: 91b9630
I (406) wifi:wifi certification version: v7.0
I (406) wifi:config NVS flash: enabled
I (416) wifi:config nano formating: disabled
I (416) wifi:Init data frame dynamic rx buffer num: 32
I (416) wifi:Init static rx mgmt buffer num: 5
I (426) wifi:Init management short buffer num: 32
I (426) wifi:Init dynamic tx buffer num: 32
I (436) wifi:Init static tx FG buffer num: 2
I (436) wifi:Init static rx buffer size: 1600
I (436) wifi:Init static rx buffer num: 10
I (446) wifi:Init dynamic rx buffer num: 32
[0;32mI (446) wifi_init: rx ba win: 6[0m
[0;32mI (456) wifi_init: tcpip mbox: 32[0m
[0;32mI (456) wifi_init: udp mbox: 6[0m
[0;32mI (456) wifi_init: tcp mbox: 6[0m
[0;32mI (466) wifi_init: tcp tx win: 5744[0m
[0;32mI (466) wifi_init: tcp rx win: 5744[0m
[0;32mI (476) wifi_init: tcp mss: 1440[0m
[0;32mI (476) wifi_init: WiFi IRAM OP enabled[0m
[0;32mI (476) wifi_init: WiFi RX IRAM OP enabled[0m
[0;32mI (486) phy_init: phy_version 1130,b4e4b80,Sep  5 2023,11:09:30[0m
I (526) wifi:mode : sta (d4:f9:8d:04:42:c0)
I (526) wifi:enable tsf
[0;32mI (526) esp32 webserver: wifi_init_sta finished.[0m
I (536) wifi:new:<7,2>, old:<1,0>, ap:<255,255>, sta:<7,2>, prof:1
I (536) wifi:state: init -> auth (b0)
I (546) wifi:state: auth -> assoc (0)
I (566) wifi:state: assoc -> run (10)
I (576) wifi:connected with Tenda, aid = 4, channel 7, 40D, bssid = 50:0f:f5:70:33:b8
I (576) wifi:security: WPA2-PSK, phy: bgn, rssi: -34
I (586) wifi:pm start, type: 1

I (586) wifi:set rx beacon pti, rx_bcn_pti: 0, bcn_timeout: 25000, mt_pti: 0, mt_time: 10000
I (596) wifi:AP's beacon interval = 102400 us, DTIM period = 1
[0;32mI (3596) esp_netif_handlers: sta ip: 192.168.0.104, mask: 255.255.255.0, gw: 192.168.0.1[0m
[0;32mI (3596) esp32 webserver: got ip:192.168.0.104[0m
I (3596) wifi:<ba-add>idx:0 (ifx:0, 50:0f:f5:70:33:b8), tid:0, ssn:2, winSize:64
[0;32mI (3606) esp32 webserver: connected to ap SSID:Tenda password:0898760481[0m
[0;32mI (3606) esp32 webserver: Web Server is up and running
[0m
[0;32mI (3616) main_task: Returned from app_main()[0m
